// Vitest Snapshot v1, https://vitest.dev/guide/snapshot.html

exports[`Button > should render a button element with the provided props 1`] = `
<button
  class="custom-button"
>
  Click me
</button>
`;
